****************************************
Report : design
        -library
        -netlist
        -floorplan
        -routing
Design : jpeg_encoder
Version: V-2023.12-SP5-5
Date   : Mon Apr 28 18:49:27 2025
****************************************
--------------------------------------------------------------------------------
                              LIBRARY INFORMATION
--------------------------------------------------------------------------------

Search path : . /home/linux/ieng6/cs241asp25/public/data/libraries

Units : 
    time                : 1.00ns
    resistance          : 1.00kOhm
    capacitance         : 1.00pF
    voltage             : 1.00V
    current             : 1.00mA
    power               : 1.00nW

Tech file : /home/linux/ieng6/cs241asp25/public/data/libraries/techfiles/tsmcn65_8lmT2.tf

Total number of standard cells 	= 811

Total number of dont_use lib cells 	= 77
Total number of dont_touch lib cells 	= 71

Total number of buffers 	= 36
Total number of inverters 	= 27
Total number of flip-flops 	= 199
Total number of latches 	= 84
Total number of ICGs 		= 20


Library : tsmc65
  File path : /home/linux/ieng6/cs241asp25/cs241asp25bu/lab4/rundir/FC/ndm/tsmc65.ndm
  Source .db libs :
    tcbn65gpluswc : /home/linux/ieng6/cs241asp25/public/data/libraries/db/tcbn65gpluswc.db

--------------------------------------------------------------------------------
                              NETLIST INFORMATION
--------------------------------------------------------------------------------

CELL INSTANCE INFORMATION
-----------------------------------------------------------------------------
Cell Instance Type          Count % of         Area  % of siteAreaPerSite
                                  total             total
-----------------------------------------------------------------------------
TOTAL LEAF CELLS            32714  100   129166.200   100 unit:358795  

  Standard cells            32714  100   129166.200   100 unit:358795  
  Filler cells                  0    0        0.000     0 
  Diode cells                   0    0        0.000     0 
  Hard macro cells              0    0        0.000     0 
  Soft macro cells              0    0        0.000     0 
    Black box cells             0    0        0.000     0 
  Analog block cells            0    0        0.000     0 
  Pad cells                     0    0        0.000     0 
    Flip-chip pad cells         0    0        0.000     0 
  Cover cells                   0    0        0.000     0 
  Flip-chip driver cells        0    0        0.000     0 
  Corner pad cells              0    0        0.000     0 
  Pad spacer cells              0    0        0.000     0 
  Others                        0    0        0.000     0 

Special cells                  17    0       18.360     0 unit:51  
  Level shifter                 0    0        0.000     0 
  Isolation                     0    0        0.000     0 
  Switch                        0    0        0.000     0 
  Always on                     0    0        0.000     0 
  Retention                     0    0        0.000     0 
  Tie off                      17    0       18.360     0 unit:51  

LVT                             0    0        0.000     0 
HVT                             0    0        0.000     0 
Normal VT                       0    0        0.000     0 
Others                      32714  100   129166.200   100 unit:358795  

Netlist cells               32714  100   129166.200   100 unit:358795  
Physical only                   0    0        0.000     0 

Fixed cells                     0    0        0.000     0 
Moveable cells              32714  100   129166.200   100 unit:358795  

Placed cells                32608   99   128892.240    99 unit:358034  
Combinational               27647   84    81641.160    63 unit:226781  
Sequential                   5067   15    47525.040    36 unit:132014  
Others                          0    0        0.000     0 

Buffer                       1090    3     2242.080     1 unit:6228  
Inverter                     2254    6     2697.840     2 unit:7494  
Buffer/inverter              3344   10     4939.920     3 unit:13722  

Spare cells                     0    0        0.000     0 
ICG cells                       0    0        0.000     0 
Flip-flop cells              5067   15    47525.040    36 unit:132014  
Latch cells                     0    0        0.000     0 
Antenna cells                   0    0        0.000     0 

Mux logic                     844    2     2712.240     2 unit:7534  
Double height                   0    0        0.000     0 
Triple height                   0    0        0.000     0 
More than triple height         0    0        0.000     0 

Logic Hierarchies          0

REFERENCE DESIGN INFORMATION
----------------------------------------------------------------------------------------------
Number of reference designs used:191  
----------------------------------------------------------------------------------------------
Name           Type          Count     Width    Height        Area   PinDens SiteName siteArea
----------------------------------------------------------------------------------------------
EDFQD1         lib_cell       4989      5.20      1.80       9.360     0.641 unit           26
CKND2D0        lib_cell       2848      0.80      1.80       1.440     3.472 unit            4
XNR2D0         lib_cell       2442      2.00      1.80       3.600     1.389 unit           10
INR2D0         lib_cell       2172      1.20      1.80       2.160     2.315 unit            6
CKND0          lib_cell       1749      0.60      1.80       1.080     3.704 unit            3
OAI22D0        lib_cell       1408      1.40      1.80       2.520     2.778 unit            7
MOAI22D0       lib_cell       1379      1.60      1.80       2.880     2.431 unit            8
NR2D0          lib_cell       1204      0.80      1.80       1.440     3.472 unit            4
OR2D0          lib_cell        944      1.20      1.80       2.160     2.315 unit            6
OAI21D1        lib_cell        818      1.20      1.80       2.160     2.778 unit            6
MUX2D0         lib_cell        770      1.80      1.80       3.240     1.852 unit            9
IOA22D0        lib_cell        753      1.80      1.80       3.240     2.160 unit            9
FA1D1          lib_cell        740      5.60      1.80      10.080     0.694 unit           28
OAI22D1        lib_cell        651      1.40      1.80       2.520     2.778 unit            7
CKBD0          lib_cell        635      0.80      1.80       1.440     2.778 unit            4
AOI21D1        lib_cell        626      1.20      1.80       2.160     2.778 unit            6
CMPE42D1       lib_cell        560      9.20      1.80      16.560     0.604 unit           46
NR2XD0         lib_cell        463      0.80      1.80       1.440     3.472 unit            4
OAI21D0        lib_cell        369      1.20      1.80       2.160     2.778 unit            6
CKXOR2D0       lib_cell        309      2.00      1.80       3.600     1.389 unit           10
CKND2D1        lib_cell        278      0.80      1.80       1.440     3.472 unit            4
AO21D0         lib_cell        268      1.40      1.80       2.520     2.381 unit            7
IAO22D0        lib_cell        263      1.80      1.80       3.240     2.160 unit            9
IND2D0         lib_cell        244      1.20      1.80       2.160     2.315 unit            6
FA1D0          lib_cell        230      5.00      1.80       9.000     0.778 unit           25
XNR2D1         lib_cell        229      2.00      1.80       3.600     1.389 unit           10
CKND2D2        lib_cell        220      1.40      1.80       2.520     1.984 unit            7
CKND1          lib_cell        210      0.60      1.80       1.080     3.704 unit            3
AOI21D0        lib_cell        208      1.20      1.80       2.160     2.778 unit            6
XOR3D0         lib_cell        201      3.40      1.80       6.120     0.980 unit           17
AOI21D2        lib_cell        194      1.80      1.80       3.240     1.852 unit            9
OAI32D1        lib_cell        176      1.60      1.80       2.880     2.778 unit            8
OA22D0         lib_cell        156      1.60      1.80       2.880     2.431 unit            8
OA21D0         lib_cell        151      1.40      1.80       2.520     2.381 unit            7
CKAN2D0        lib_cell        145      1.20      1.80       2.160     2.315 unit            6
IOA21D0        lib_cell        135      1.40      1.80       2.520     2.381 unit            7
INR2XD0        lib_cell        124      1.20      1.80       2.160     2.315 unit            6
XNR2D2         lib_cell        119      2.20      1.80       3.960     1.263 unit           11
BUFFD1         lib_cell        104      0.80      1.80       1.440     2.778 unit            4
OAI21D2        lib_cell        100      1.80      1.80       3.240     1.852 unit            9
OAI31D0        lib_cell         95      1.40      1.80       2.520     2.778 unit            7
CKXOR2D1       lib_cell         95      2.00      1.80       3.600     1.389 unit           10
CKBD3          lib_cell         94      1.40      1.80       2.520     1.587 unit            7
MAOI222D0      lib_cell         94      1.60      1.80       2.880     2.083 unit            8
XOR2D0         lib_cell         92      2.00      1.80       3.600     1.389 unit           10
IAO22D1        lib_cell         91      1.80      1.80       3.240     2.160 unit            9
ND2D0          lib_cell         82      0.80      1.80       1.440     3.472 unit            4
CKND2          lib_cell         75      0.80      1.80       1.440     2.778 unit            4
XNR3D0         lib_cell         75      3.40      1.80       6.120     0.980 unit           17
OR2D1          lib_cell         74      1.20      1.80       2.160     2.315 unit            6
INR3D0         lib_cell         73      1.40      1.80       2.520     2.381 unit            7
MUX2ND0        lib_cell         72      1.60      1.80       2.880     2.083 unit            8
ND2D1          lib_cell         72      0.80      1.80       1.440     3.472 unit            4
XOR3D1         lib_cell         70      3.40      1.80       6.120     0.980 unit           17
EDFCNQD1       lib_cell         61      6.00      1.80      10.800     0.648 unit           30
CKBD2          lib_cell         61      1.20      1.80       2.160     1.852 unit            6
OAI211D2       lib_cell         61      2.40      1.80       4.320     1.620 unit           12
AO211D0        lib_cell         60      1.60      1.80       2.880     2.431 unit            8
INR2D1         lib_cell         57      1.20      1.80       2.160     2.315 unit            6
OAI211D0       lib_cell         57      1.40      1.80       2.520     2.778 unit            7
IOA21D2        lib_cell         55      1.80      1.80       3.240     1.852 unit            9
INR2D2         lib_cell         55      1.60      1.80       2.880     1.736 unit            8
CKND4          lib_cell         55      1.40      1.80       2.520     1.587 unit            7
NR2XD1         lib_cell         54      1.40      1.80       2.520     1.984 unit            7
IND2D1         lib_cell         53      1.20      1.80       2.160     2.315 unit            6
CKBD4          lib_cell         48      1.80      1.80       3.240     1.235 unit            9
OAI22D2        lib_cell         47      2.40      1.80       4.320     1.620 unit           12
OAI31D1        lib_cell         46      1.40      1.80       2.520     2.778 unit            7
CKND3          lib_cell         44      1.20      1.80       2.160     1.852 unit            6
INVD1          lib_cell         42      0.60      1.80       1.080     3.704 unit            3
AOI22D0        lib_cell         41      1.40      1.80       2.520     2.778 unit            7
OAI211D1       lib_cell         41      1.40      1.80       2.520     2.778 unit            7
AOI211D0       lib_cell         39      1.40      1.80       2.520     2.778 unit            7
FA1D2          lib_cell         38      5.80      1.80      10.440     0.670 unit           29
FCICOND1       lib_cell         35      1.80      1.80       3.240     1.852 unit            9
BUFFD3         lib_cell         35      1.40      1.80       2.520     1.587 unit            7
INVD0          lib_cell         35      0.60      1.80       1.080     3.704 unit            3
IOA22D1        lib_cell         34      1.80      1.80       3.240     2.160 unit            9
IOA21D1        lib_cell         32      1.40      1.80       2.520     2.381 unit            7
NR2D1          lib_cell         32      0.80      1.80       1.440     3.472 unit            4
CKBD6          lib_cell         31      2.40      1.80       4.320     0.926 unit           12
OAI32D0        lib_cell         31      1.60      1.80       2.880     2.778 unit            8
INR2XD1        lib_cell         29      1.60      1.80       2.880     1.736 unit            8
MAOI22D0       lib_cell         29      1.60      1.80       2.880     2.431 unit            8
FCICIND1       lib_cell         28      2.60      1.80       4.680     1.282 unit           13
NR4D0          lib_cell         27      1.40      1.80       2.520     2.778 unit            7
ND3D0          lib_cell         26      1.20      1.80       2.160     2.778 unit            6
MOAI22D1       lib_cell         24      1.60      1.80       2.880     2.431 unit            8
OA32D0         lib_cell         23      2.00      1.80       3.600     2.222 unit           10
BUFFD6         lib_cell         22      2.40      1.80       4.320     0.926 unit           12
OA22D1         lib_cell         19      1.80      1.80       3.240     2.160 unit            9
NR3D0          lib_cell         18      1.20      1.80       2.160     2.778 unit            6
AOI221D0       lib_cell         18      1.60      1.80       2.880     2.778 unit            8
AO22D0         lib_cell         17      1.60      1.80       2.880     2.431 unit            8
ND4D0          lib_cell         16      1.40      1.80       2.520     2.778 unit            7
TIEL           lib_cell         15      0.60      1.80       1.080     2.778 unit            3
IND3D0         lib_cell         15      1.40      1.80       2.520     2.381 unit            7
IAO21D1        lib_cell         13      1.40      1.80       2.520     2.381 unit            7
INR4D0         lib_cell         13      1.60      1.80       2.880     2.431 unit            8
BUFFD2         lib_cell         12      1.20      1.80       2.160     1.852 unit            6
ND4D1          lib_cell         12      1.40      1.80       2.520     2.778 unit            7
OA211D0        lib_cell         11      1.60      1.80       2.880     2.431 unit            8
AOI32D0        lib_cell         11      1.60      1.80       2.880     2.778 unit            8
OA21D1         lib_cell          9      1.40      1.80       2.520     2.381 unit            7
EDFQD2         lib_cell          9      5.40      1.80       9.720     0.617 unit           27
CKND6          lib_cell          9      1.80      1.80       3.240     1.235 unit            9
BUFFD16        lib_cell          9      5.80      1.80      10.440     0.383 unit           29
MAOI222D1      lib_cell          9      1.60      1.80       2.880     2.083 unit            8
IND4D0         lib_cell          9      1.60      1.80       2.880     2.431 unit            8
CKBD8          lib_cell          8      3.20      1.80       5.760     0.694 unit           16
INVD3          lib_cell          8      1.20      1.80       2.160     1.852 unit            6
ND2D2          lib_cell          8      1.40      1.80       2.520     1.984 unit            7
IAO21D0        lib_cell          8      1.40      1.80       2.520     2.381 unit            7
AOI31D0        lib_cell          8      1.40      1.80       2.520     2.778 unit            7
BUFFD12        lib_cell          8      4.40      1.80       7.920     0.505 unit           22
AOI211XD0      lib_cell          7      1.40      1.80       2.520     2.778 unit            7
CKND8          lib_cell          7      2.40      1.80       4.320     0.926 unit           12
BUFFD8         lib_cell          6      3.20      1.80       5.760     0.694 unit           16
CKAN2D1        lib_cell          6      1.20      1.80       2.160     2.315 unit            6
XOR3D2         lib_cell          6      3.80      1.80       6.840     0.877 unit           19
AN4D0          lib_cell          6      1.60      1.80       2.880     2.431 unit            8
OR3D0          lib_cell          6      1.40      1.80       2.520     2.381 unit            7
ND3D1          lib_cell          6      1.20      1.80       2.160     2.778 unit            6
CKND12         lib_cell          5      3.40      1.80       6.120     0.654 unit           17
CKBD12         lib_cell          5      4.40      1.80       7.920     0.505 unit           22
INVD2          lib_cell          5      0.80      1.80       1.440     2.778 unit            4
XNR3D1         lib_cell          5      3.40      1.80       6.120     0.980 unit           17
OAI32D2        lib_cell          4      3.00      1.80       5.400     1.481 unit           15
OAI221D0       lib_cell          4      1.60      1.80       2.880     2.778 unit            8
BUFFD0         lib_cell          4      0.80      1.80       1.440     2.778 unit            4
OA32D1         lib_cell          4      2.20      1.80       3.960     2.020 unit           11
IND4D1         lib_cell          4      1.60      1.80       2.880     2.431 unit            8
CKND2D3        lib_cell          4      1.80      1.80       3.240     1.543 unit            9
AOI21D4        lib_cell          4      3.60      1.80       6.480     0.926 unit           18
AOI22D1        lib_cell          4      1.40      1.80       2.520     2.778 unit            7
NR2XD2         lib_cell          4      2.40      1.80       4.320     1.157 unit           12
BUFFD4         lib_cell          4      1.80      1.80       3.240     1.235 unit            9
OAI21D4        lib_cell          3      3.60      1.80       6.480     0.926 unit           18
EDFQD4         lib_cell          3      6.00      1.80      10.800     0.556 unit           30
CKBD1          lib_cell          3      0.80      1.80       1.440     2.778 unit            4
INVD8          lib_cell          3      2.40      1.80       4.320     0.926 unit           12
IIND4D0        lib_cell          3      2.00      1.80       3.600     1.944 unit           10
OR4D0          lib_cell          3      1.60      1.80       2.880     2.431 unit            8
OAI222D0       lib_cell          3      1.80      1.80       3.240     2.778 unit            9
INVD12         lib_cell          3      3.40      1.80       6.120     0.654 unit           17
IND3D1         lib_cell          3      1.40      1.80       2.520     2.381 unit            7
IIND4D1        lib_cell          2      2.00      1.80       3.600     1.944 unit           10
IND3D2         lib_cell          2      2.40      1.80       4.320     1.389 unit           12
DFSND1         lib_cell          2      5.00      1.80       9.000     0.778 unit           25
INVD4          lib_cell          2      1.40      1.80       2.520     1.587 unit            7
AO31D0         lib_cell          2      1.60      1.80       2.880     2.431 unit            8
INVD6          lib_cell          2      1.80      1.80       3.240     1.235 unit            9
NR2D3          lib_cell          2      1.80      1.80       3.240     1.543 unit            9
AO211D1        lib_cell          2      1.60      1.80       2.880     2.431 unit            8
AN2XD1         lib_cell          2      1.20      1.80       2.160     2.315 unit            6
IND2D2         lib_cell          2      1.60      1.80       2.880     1.736 unit            8
TIEH           lib_cell          2      0.60      1.80       1.080     2.778 unit            3
XOR2D2         lib_cell          2      2.20      1.80       3.960     1.263 unit           11
OAI31D2        lib_cell          2      2.40      1.80       4.320     1.620 unit           12
AOI211XD1      lib_cell          2      2.40      1.80       4.320     1.620 unit           12
EDFCNQD4       lib_cell          1      7.00      1.80      12.600     0.556 unit           35
DFQD1          lib_cell          1      3.80      1.80       6.840     0.731 unit           19
MUX3D0         lib_cell          1      3.20      1.80       5.760     1.389 unit           16
AO21D2         lib_cell          1      1.60      1.80       2.880     2.083 unit            8
AN3D0          lib_cell          1      1.40      1.80       2.520     2.381 unit            7
EDFCNQD2       lib_cell          1      6.60      1.80      11.880     0.589 unit           33
OAI33D0        lib_cell          1      1.80      1.80       3.240     2.778 unit            9
AO21D1         lib_cell          1      1.40      1.80       2.520     2.381 unit            7
AO32D0         lib_cell          1      2.20      1.80       3.960     2.020 unit           11
CKBD16         lib_cell          1      5.60      1.80      10.080     0.397 unit           28
OA31D1         lib_cell          1      1.60      1.80       2.880     2.431 unit            8
CKAN2D4        lib_cell          1      1.80      1.80       3.240     1.543 unit            9
OAI222D1       lib_cell          1      2.20      1.80       3.960     2.273 unit           11
ND4D2          lib_cell          1      2.60      1.80       4.680     1.496 unit           13
IAO21D2        lib_cell          1      1.80      1.80       3.240     1.852 unit            9
MAOI22D1       lib_cell          1      1.60      1.80       2.880     2.431 unit            8
XOR2D1         lib_cell          1      2.00      1.80       3.600     1.389 unit           10
AO211D2        lib_cell          1      1.80      1.80       3.240     2.160 unit            9
CKXOR2D2       lib_cell          1      2.20      1.80       3.960     1.263 unit           11
AO222D0        lib_cell          1      2.40      1.80       4.320     2.083 unit           12
AO221D0        lib_cell          1      2.00      1.80       3.600     2.222 unit           10
AOI222D0       lib_cell          1      2.00      1.80       3.600     2.500 unit           10
IINR4D0        lib_cell          1      2.00      1.80       3.600     1.944 unit           10
OR4D1          lib_cell          1      1.60      1.80       2.880     2.431 unit            8
AN4D1          lib_cell          1      1.60      1.80       2.880     2.431 unit            8
MUX2ND1        lib_cell          1      2.40      1.80       4.320     1.389 unit           12
AOI32D1        lib_cell          1      1.60      1.80       2.880     2.778 unit            8
OA211D1        lib_cell          1      1.60      1.80       2.880     2.431 unit            8
XNR2D4         lib_cell          1      4.20      1.80       7.560     0.661 unit           21
NR2D2          lib_cell          1      1.40      1.80       2.520     1.984 unit            7
CKND2D4        lib_cell          1      2.40      1.80       4.320     1.157 unit           12

NET INFORMATION
------------------------------------------------------------------
NetType                 Count FloatingNets         Vias Nets/Cells
------------------------------------------------------------------
Total                   34865            3       256247      1.066
Signal                  34756            3       242121      1.062
Power                       1            0            0      0.000
Ground                      1            0            0      0.000
Analog Signal               0            0            0      0.000
Analog Ground               0            0            0      0.000
Analog Power                0            0            0      0.000
Clock                     107            0        14126      0.003
Tie Low                     0            0            0      0.000
Tie High                    0            0            0      0.000
Others                      0            0            0      0.000

NET FANOUT AND PIN COUNT INFORMATION
---------------------------------------------------
Fanout        Netcount     netPinCount     NetCount
---------------------------------------------------
<2               14637     <2                     3
2                15504     2                  14634
3                 2608     3                  15504
4                  164     4                   2608
5                  115     5                    164
6-10               667     6-10                 637
11-20              681     11-20                808
21-30              223     21-30                216
31-50              224     31-50                241
51-100              36     51-100                44
101-500              4     101-500                4
501-1000             0     501-1000               0
>1000                2     >1000                  2

PORT AND PIN INFORMATION
------------------------------------------------------------------------------
Type         Total     Input    Output     Inout      3-st     Power    Ground
------------------------------------------------------------------------------
Total       186408    151564     34844         0         0     32714     32714
Macro            0         0         0         0         0         0         0
Ports           52        24        28         0         0         1         1
------------------------------------------------------------------------------

--------------------------------------------------------------------------------
                              FLOORPLAN INFORMATION
--------------------------------------------------------------------------------

CORE AND CHIP AREA INFORMATION
---------------------------
Core Area is :   212705.280
Chip Area is :   231553.280
---------------------------

SITE ROW INFORMATION
-----------------------------------------------------------------------
Site Name    Width    Height   Total Rows     Total Tiles          Area
-----------------------------------------------------------------------
unit          0.20      1.80          256          590848    212705.280
-----------------------------------------------------------------------

BLOCKAGE INFORMATION
------------------------------------------------
Blockage Type                Count          Area
------------------------------------------------
Hard placement                   0         0.000
Soft placement                   0         0.000
Hard macro                       0         0.000
Partial placement                0         0.000
Register                         0         0.000
Placement allow Buffer Only      0         0.000
Placement allow RP Group Only
                                 0         0.000
RP Group                         0         0.000
Category                         0         0.000
Routing                          0         0.000
Routing for Top                  0         0.000
Routing For Design Rule          0         0.000
Shaping                          0         0.000
------------------------------------------------

POWER DOMAIN INFORMATION
--------------------------------------------------------------------
Power Domain Name    VA Name         Primary Power Net Primary Ground Net
--------------------------------------------------------------------
TOP                  DEFAULT_VA      VDD               VSS
--------------------------------------------------------------------

VOLTAGE AREA INFORMATION
-------------------------------------------------------------------------------------
VA Name          Number             Area       Target    bbox    bbox    bbox    bbox
              of shapes                   Utilization     llx     lly     urx     ury
-------------------------------------------------------------------------------------
DEFAULT_VA            1       212705.280         1.00   10.00   10.00  471.60  470.80
-------------------------------------------------------------------------------------

GROUP BOUND INFORMATION
----------------------------------------
No Group Bound exists

EXCLUSIVE MOVEBOUND INFORMATION
----------------------------------------
No Exclusive MoveBound exists.

HARD AND SOFT MOVEBOUND INFORMATION
----------------------------------------
No Hard Or Soft MoveBound exists.

ROUTE GUIDE INFORMATION
------------------------------------------------
Route Guide Type             Count          Area
------------------------------------------------
Extra Detour Region              0         0.000
Over icovl CellLayers            0         0.000
River Routing                    0         0.000
Area Double Via                  0         0.000
Access Preference                0         0.000
Default                          0         0.000
Switched Direction Only          0         0.000
Max Patterns                     0         0.000
Others                           0         0.000
------------------------------------------------

MULTIBIT REGISTER INFORMATION
-----------------------------------------------
No Multibit cells exist

MULTIBIT LS/ISO CELLS INFORMATION
-----------------------------------------------
No Multibit cells exist

RP GROUP INFORMATION
----------------------------------------
No RP Group exists

LAYER INFORMATION
--------------------------------------------------------------------------
Layer Name Direction Ignored Pitch  default minWidth minSpacing    sameNet
                                      Width                     MinSpacing
--------------------------------------------------------------------------
M1         Ver       NO       0.20     0.09     0.09       0.09       0.00
M2         Hor       NO       0.20     0.10     0.10       0.10       0.00
M3         Ver       NO       0.20     0.10     0.10       0.10       0.00
M4         Hor       NO       0.20     0.10     0.10       0.10       0.00
M5         Ver       NO       0.20     0.10     0.10       0.10       0.00
M6         Hor       NO       0.20     0.10     0.10       0.10       0.00
M7         Ver       NO       0.80     0.40     0.40       0.40       0.00
M8         Hor       NO       0.80     0.40     0.40       0.40       0.00
CB         Ver       NO       0.00     0.00     0.00       0.00       0.00
--------------------------------------------------------------------------
--------------------------------------------------------------------------------
                              ROUTING INFORMATION
--------------------------------------------------------------------------------

Total wire length = 482919.60 micron
Total number of wires = 329309
Total number of contacts = 256247

FINAL WIRING STATISTICS

Signal Wiring Statistics

Metal layer     Num wires  % of total#  Wire length % of total length
PO                      0        0.00%         0.00             0.00%
M1                  35132       11.33%      5617.86             1.23%
M2                 176756       57.01%    137523.13            30.12%
M3                  80884       26.09%    170596.85            37.37%
M4                  13494        4.35%     75823.55            16.61%
M5                   2569        0.83%     39672.36             8.69%
M6                    763        0.25%     20256.72             4.44%
M7                    335        0.11%      4513.03             0.99%
M8                     96        0.03%      2532.80             0.55%

Clock Wiring Statistics

Metal layer     Num wires  % of total#  Wire length % of total length
PO                      0        0.00%         0.00             0.00%
M1                   1304        6.76%       135.61             0.51%
M2                   8701       45.13%      3302.86            12.52%
M3                   7164       37.16%     13781.16            52.23%
M4                   2031       10.53%      8153.20            30.90%
M5                     51        0.26%       277.39             1.05%
M6                      9        0.05%         8.11             0.03%
M7                     14        0.07%       398.57             1.51%
M8                      6        0.03%       326.40             1.24%

P/G Wiring Statistics

Metal layer     Num wires  % of total#  Wire length % of total length
PO                      0        0.00%         0.00             0.00%
M1                    257      100.00%    118631.20           100.00%
M2                      0        0.00%         0.00             0.00%
M3                      0        0.00%         0.00             0.00%
M4                      0        0.00%         0.00             0.00%
M5                      0        0.00%         0.00             0.00%
M6                      0        0.00%         0.00             0.00%
M7                      0        0.00%         0.00             0.00%
M8                      0        0.00%         0.00             0.00%

Shape Pattern Wiring Statistics

Metal layer     Num shapePatterns
                           % of total#  Wire length % of total length
PO                      0        0.00%         0.00             0.00%
M1                      0        0.00%         0.00             0.00%
M2                      0        0.00%         0.00             0.00%
M3                      0        0.00%         0.00             0.00%
M4                      0        0.00%         0.00             0.00%
M5                      0        0.00%         0.00             0.00%
M6                      0        0.00%         0.00             0.00%
M7                      0        0.00%         0.00             0.00%
M8                      0        0.00%         0.00             0.00%

All the PG shape patterns stand for 0 shapes.

Horizontal/Vertical Wire Distribution

Metal layer  Hor. length  % of hor.    Ver. length  % of ver.
PO                   0.00        0.00%         0.00        0.00%
M1                2050.49        0.89%      3567.37        1.57%
M2              127058.20       55.30%     10464.93        4.61%
M3                2133.74        0.93%    168463.11       74.29%
M4               75723.75       32.96%        99.80        0.04%
M5                  11.20        0.00%     39661.16       17.49%
M6               20248.02        8.81%         8.70        0.00%
M7                  10.40        0.00%      4502.63        1.99%
M8                2532.80        1.10%         0.00        0.00%

FINAL VIA STATISTICS

Via layer    Via def name                Count        % of layer vias
VIA1         VIA12                             103428       85.97%
VIA1         VIA12(rot)                         16604       13.80%
VIA1         FATVIA12(2X1)                        110        0.09%
VIA1         FATVIA12(1X2)                        145        0.12%
VIA1         FATVIA12(rot)(1X2)                    19        0.02%
VIA1         FATVIA12(rot)(2X1)                     3        0.00%
  Double via conversion rate for layer VIA1 = 0.23% (277 / 120309 vias)
    Among them, double via conversion rate of detail route vias for layer VIA1 = 0.23% (277 / 120309 vias)

VIA2         VIA23(rot)                        107945       99.86%
VIA2         VIA23                                147        0.14%
  Double via conversion rate for layer VIA2 = 0.00% (0 / 108092 vias)
    Among them, double via conversion rate of detail route vias for layer VIA2 = 0.00% (0 / 108092 vias)

VIA3         VIA34(rot)                         22479      100.00%
  Double via conversion rate for layer VIA3 = 0.00% (0 / 22479 vias)
    Among them, double via conversion rate of detail route vias for layer VIA3 = 0.00% (0 / 22479 vias)

VIA4         VIA45(rot)                          3357      100.00%
  Double via conversion rate for layer VIA4 = 0.00% (0 / 3357 vias)
    Among them, double via conversion rate of detail route vias for layer VIA4 = 0.00% (0 / 3357 vias)

VIA5         VIA56(rot)                          1107       76.93%
VIA5         FATVIA56(rot)(1X2)                   332       23.07%
  Double via conversion rate for layer VIA5 = 23.07% (332 / 1439 vias)
    Among them, double via conversion rate of detail route vias for layer VIA5 = 23.07% (332 / 1439 vias)

VIA6         VIA67(rot)                           391      100.00%
  Double via conversion rate for layer VIA6 = 0.00% (0 / 391 vias)
    Among them, double via conversion rate of detail route vias for layer VIA6 = 0.00% (0 / 391 vias)

VIA7         VIA78(rot)                           180      100.00%
  Double via conversion rate for layer VIA7 = 0.00% (0 / 180 vias)
    Among them, double via conversion rate of detail route vias for layer VIA7 = 0.00% (0 / 180 vias)


Custom Via Statistics

No custom vias found in the design.
Overall double via conversion rate = 0.24%
  Among them, overall double via conversion rate of detail route vias = 0.24% (609 / 256247 vias)
  *Detail route vias are vias whose shape_use is detail_route.

Via Matrix Statistics

No via matrices found in the design.

FINAL DRC STATISTICS

DRC-SUMMARY:
	@@@@@@@ TOTAL VIOLATIONS =	0
Total number of nets = 34865
0 open nets, of which 0 are frozen
Total number of excluded ports = 0 ports of 0 unplaced cells connected to 0 nets
                                 0 ports without pins of 0 cells connected to 0 nets
                                 0 ports of 0 cover cells connected to 0 non-pg nets
Total number of DRCs = 0
Total number of antenna violations = antenna checking not active
1
