                     Cell Name |     Power-Grid View |      Number of Instances
-------------------------------------------------------------------------------
       A2O1A1Ixp33_ASAP7_75t_L |                Tech |                       16
       A2O1A1Ixp33_ASAP7_75t_R |                Tech |                       19
      A2O1A1Ixp33_ASAP7_75t_SL |                Tech |                       33
     A2O1A1O1Ixp25_ASAP7_75t_L |                Tech |                        1
    A2O1A1O1Ixp25_ASAP7_75t_SL |                Tech |                        2
            AND2x2_ASAP7_75t_L |                Tech |                       38
            AND2x2_ASAP7_75t_R |                Tech |                       18
           AND2x2_ASAP7_75t_SL |                Tech |                      125
            AND2x4_ASAP7_75t_L |                Tech |                       10
            AND2x4_ASAP7_75t_R |                Tech |                        1
           AND2x4_ASAP7_75t_SL |                Tech |                       94
           AND2x6_ASAP7_75t_SL |                Tech |                       22
            AND3x1_ASAP7_75t_L |                Tech |                        7
            AND3x1_ASAP7_75t_R |                Tech |                        2
           AND3x1_ASAP7_75t_SL |                Tech |                       12
            AND3x2_ASAP7_75t_L |                Tech |                        1
           AND3x2_ASAP7_75t_SL |                Tech |                        6
           AND3x4_ASAP7_75t_SL |                Tech |                        5
            AND4x1_ASAP7_75t_L |                Tech |                        1
           AND4x1_ASAP7_75t_SL |                Tech |                       12
            AND5x1_ASAP7_75t_L |                Tech |                        1
           AND5x1_ASAP7_75t_SL |                Tech |                       10
           AND5x2_ASAP7_75t_SL |                Tech |                        1
          AO211x2_ASAP7_75t_SL |                Tech |                        3
            AO21x1_ASAP7_75t_L |                Tech |                        6
            AO21x1_ASAP7_75t_R |                Tech |                       10
           AO21x1_ASAP7_75t_SL |                Tech |                       23
           AO21x2_ASAP7_75t_SL |                Tech |                        4
          AO221x1_ASAP7_75t_SL |                Tech |                        1
          AO222x2_ASAP7_75t_SL |                Tech |                        5
            AO22x1_ASAP7_75t_L |                Tech |                        3
            AO22x1_ASAP7_75t_R |                Tech |                       41
           AO22x1_ASAP7_75t_SL |                Tech |                       50
           AO22x2_ASAP7_75t_SL |                Tech |                       21
           AO31x2_ASAP7_75t_SL |                Tech |                        2
            AO32x1_ASAP7_75t_L |                Tech |                        4
            AO32x1_ASAP7_75t_R |                Tech |                        1
           AO32x1_ASAP7_75t_SL |                Tech |                        3
           AO332x1_ASAP7_75t_L |                Tech |                        1
          AOI211x1_ASAP7_75t_L |                Tech |                        6
         AOI211x1_ASAP7_75t_SL |                Tech |                       22
         AOI211xp5_ASAP7_75t_L |                Tech |                        8
         AOI211xp5_ASAP7_75t_R |                Tech |                        1
        AOI211xp5_ASAP7_75t_SL |                Tech |                        6
           AOI21x1_ASAP7_75t_L |                Tech |                        3
          AOI21x1_ASAP7_75t_SL |                Tech |                      103
         AOI21xp33_ASAP7_75t_L |                Tech |                       29
         AOI21xp33_ASAP7_75t_R |                Tech |                       12
        AOI21xp33_ASAP7_75t_SL |                Tech |                       17
          AOI21xp5_ASAP7_75t_L |                Tech |                       13
         AOI21xp5_ASAP7_75t_SL |                Tech |                      162
          AOI221x1_ASAP7_75t_L |                Tech |                       23
         AOI221x1_ASAP7_75t_SL |                Tech |                      102
         AOI221xp5_ASAP7_75t_L |                Tech |                       69
         AOI221xp5_ASAP7_75t_R |                Tech |                       11
        AOI221xp5_ASAP7_75t_SL |                Tech |                       36
        AOI222xp33_ASAP7_75t_L |                Tech |                        2
       AOI222xp33_ASAP7_75t_SL |                Tech |                       61
           AOI22x1_ASAP7_75t_L |                Tech |                        7
          AOI22x1_ASAP7_75t_SL |                Tech |                       42
         AOI22xp33_ASAP7_75t_L |                Tech |                      878
         AOI22xp33_ASAP7_75t_R |                Tech |                      329
        AOI22xp33_ASAP7_75t_SL |                Tech |                      515
          AOI22xp5_ASAP7_75t_L |                Tech |                      474
          AOI22xp5_ASAP7_75t_R |                Tech |                      774
         AOI22xp5_ASAP7_75t_SL |                Tech |                      957
       AOI311xp33_ASAP7_75t_SL |                Tech |                        2
         AOI31xp33_ASAP7_75t_L |                Tech |                        1
        AOI31xp33_ASAP7_75t_SL |                Tech |                        2
        AOI31xp67_ASAP7_75t_SL |                Tech |                        4
        AOI321xp33_ASAP7_75t_L |                Tech |                        1
       AOI321xp33_ASAP7_75t_SL |                Tech |                        3
         AOI322xp5_ASAP7_75t_L |                Tech |                        1
        AOI322xp5_ASAP7_75t_SL |                Tech |                        3
         AOI32xp33_ASAP7_75t_L |                Tech |                       12
         AOI32xp33_ASAP7_75t_R |                Tech |                        6
        AOI32xp33_ASAP7_75t_SL |                Tech |                       13
       AOI332xp33_ASAP7_75t_SL |                Tech |                        1
         AOI33xp33_ASAP7_75t_L |                Tech |                        1
           BUFx10_ASAP7_75t_SL |                Tech |                        3
            BUFx12_ASAP7_75t_L |                Tech |                        1
           BUFx12_ASAP7_75t_SL |                Tech |                       11
           BUFx12f_ASAP7_75t_L |                Tech |                       12
          BUFx12f_ASAP7_75t_SL |                Tech |                       48
           BUFx16f_ASAP7_75t_L |                Tech |                        1
          BUFx16f_ASAP7_75t_SL |                Tech |                       16
             BUFx2_ASAP7_75t_L |                Tech |                       92
             BUFx2_ASAP7_75t_R |                Tech |                        4
            BUFx2_ASAP7_75t_SL |                Tech |                       53
             BUFx3_ASAP7_75t_L |                Tech |                       36
            BUFx3_ASAP7_75t_SL |                Tech |                       48
             BUFx4_ASAP7_75t_L |                Tech |                        1
             BUFx4_ASAP7_75t_R |                Tech |                        2
            BUFx4f_ASAP7_75t_L |                Tech |                       11
           BUFx4f_ASAP7_75t_SL |                Tech |                       32
             BUFx5_ASAP7_75t_L |                Tech |                        2
            BUFx5_ASAP7_75t_SL |                Tech |                        1
            BUFx6f_ASAP7_75t_L |                Tech |                       19
           BUFx6f_ASAP7_75t_SL |                Tech |                       64
             BUFx8_ASAP7_75t_R |                Tech |                        1
          DFFHQNx1_ASAP7_75t_L |                Tech |                      527
          DFFHQNx1_ASAP7_75t_R |                Tech |                     2335
         DFFHQNx1_ASAP7_75t_SL |                Tech |                      279
          DFFHQNx2_ASAP7_75t_L |                Tech |                        8
          DFFHQNx2_ASAP7_75t_R |                Tech |                       20
         DFFHQNx2_ASAP7_75t_SL |                Tech |                      147
          DFFHQNx3_ASAP7_75t_L |                Tech |                       13
          DFFHQNx3_ASAP7_75t_R |                Tech |                        6
         DFFHQNx3_ASAP7_75t_SL |                Tech |                        6
           DFFHQx4_ASAP7_75t_L |                Tech |                       12
           DFFHQx4_ASAP7_75t_R |                Tech |                       24
          DFFHQx4_ASAP7_75t_SL |                Tech |                      104
              FAx1_ASAP7_75t_L |                Tech |                        1
              FAx1_ASAP7_75t_R |                Tech |                        1
             HAxp5_ASAP7_75t_L |                Tech |                        3
             HAxp5_ASAP7_75t_R |                Tech |                        3
            HAxp5_ASAP7_75t_SL |                Tech |                        4
           HB1xp67_ASAP7_75t_L |                Tech |                      141
          HB1xp67_ASAP7_75t_SL |                Tech |                       82
           HB2xp67_ASAP7_75t_R |                Tech |                        1
           INVx11_ASAP7_75t_SL |                Tech |                        6
           INVx13_ASAP7_75t_SL |                Tech |                        4
             INVx1_ASAP7_75t_L |                Tech |                      640
            INVx1_ASAP7_75t_SL |                Tech |                      187
             INVx2_ASAP7_75t_L |                Tech |                      100
            INVx2_ASAP7_75t_SL |                Tech |                      147
             INVx3_ASAP7_75t_L |                Tech |                       49
            INVx3_ASAP7_75t_SL |                Tech |                       77
             INVx4_ASAP7_75t_L |                Tech |                       31
            INVx4_ASAP7_75t_SL |                Tech |                       57
             INVx5_ASAP7_75t_L |                Tech |                        8
            INVx5_ASAP7_75t_SL |                Tech |                       33
             INVx6_ASAP7_75t_L |                Tech |                        6
            INVx6_ASAP7_75t_SL |                Tech |                       22
             INVx8_ASAP7_75t_L |                Tech |                        1
            INVx8_ASAP7_75t_SL |                Tech |                       21
           INVxp33_ASAP7_75t_L |                Tech |                        6
          INVxp33_ASAP7_75t_SL |                Tech |                        8
          INVxp67_ASAP7_75t_SL |                Tech |                      117
           MAJIxp5_ASAP7_75t_L |                Tech |                        2
          MAJIxp5_ASAP7_75t_SL |                Tech |                       12
            MAJx2_ASAP7_75t_SL |                Tech |                        4
           NAND2x1_ASAP7_75t_L |                Tech |                        6
          NAND2x1_ASAP7_75t_SL |                Tech |                       50
         NAND2x1p5_ASAP7_75t_L |                Tech |                       13
        NAND2x1p5_ASAP7_75t_SL |                Tech |                       90
          NAND2x2_ASAP7_75t_SL |                Tech |                       11
         NAND2xp33_ASAP7_75t_L |                Tech |                      102
         NAND2xp33_ASAP7_75t_R |                Tech |                       75
        NAND2xp33_ASAP7_75t_SL |                Tech |                       38
          NAND2xp5_ASAP7_75t_L |                Tech |                       55
          NAND2xp5_ASAP7_75t_R |                Tech |                       13
         NAND2xp5_ASAP7_75t_SL |                Tech |                      187
         NAND2xp67_ASAP7_75t_L |                Tech |                        1
        NAND2xp67_ASAP7_75t_SL |                Tech |                        2
          NAND3x1_ASAP7_75t_SL |                Tech |                        9
          NAND3x2_ASAP7_75t_SL |                Tech |                        7
         NAND3xp33_ASAP7_75t_L |                Tech |                        7
         NAND3xp33_ASAP7_75t_R |                Tech |                        1
        NAND3xp33_ASAP7_75t_SL |                Tech |                       40
         NAND4xp25_ASAP7_75t_L |                Tech |                        1
         NAND4xp25_ASAP7_75t_R |                Tech |                        1
        NAND4xp25_ASAP7_75t_SL |                Tech |                       19
         NAND4xp75_ASAP7_75t_L |                Tech |                        2
        NAND4xp75_ASAP7_75t_SL |                Tech |                       22
          NAND5xp2_ASAP7_75t_R |                Tech |                        1
         NAND5xp2_ASAP7_75t_SL |                Tech |                        9
            NOR2x1_ASAP7_75t_L |                Tech |                       24
            NOR2x1_ASAP7_75t_R |                Tech |                        1
           NOR2x1_ASAP7_75t_SL |                Tech |                      103
          NOR2x1p5_ASAP7_75t_L |                Tech |                        7
         NOR2x1p5_ASAP7_75t_SL |                Tech |                       99
           NOR2x2_ASAP7_75t_SL |                Tech |                       18
          NOR2xp33_ASAP7_75t_L |                Tech |                       43
          NOR2xp33_ASAP7_75t_R |                Tech |                       14
         NOR2xp33_ASAP7_75t_SL |                Tech |                      154
          NOR2xp67_ASAP7_75t_L |                Tech |                        7
         NOR2xp67_ASAP7_75t_SL |                Tech |                       38
            NOR3x1_ASAP7_75t_L |                Tech |                        2
           NOR3x1_ASAP7_75t_SL |                Tech |                       11
           NOR3x2_ASAP7_75t_SL |                Tech |                        5
          NOR3xp33_ASAP7_75t_L |                Tech |                       12
          NOR3xp33_ASAP7_75t_R |                Tech |                        2
         NOR3xp33_ASAP7_75t_SL |                Tech |                       28
          NOR4xp25_ASAP7_75t_L |                Tech |                        5
         NOR4xp25_ASAP7_75t_SL |                Tech |                       23
          NOR4xp75_ASAP7_75t_L |                Tech |                        2
         NOR4xp75_ASAP7_75t_SL |                Tech |                       17
          NOR5xp2_ASAP7_75t_SL |                Tech |                        3
       O2A1O1Ixp33_ASAP7_75t_L |                Tech |                        9
       O2A1O1Ixp33_ASAP7_75t_R |                Tech |                        4
      O2A1O1Ixp33_ASAP7_75t_SL |                Tech |                       59
        O2A1O1Ixp5_ASAP7_75t_L |                Tech |                        1
       O2A1O1Ixp5_ASAP7_75t_SL |                Tech |                        7
            OA21x2_ASAP7_75t_L |                Tech |                        2
            OA21x2_ASAP7_75t_R |                Tech |                        8
           OA21x2_ASAP7_75t_SL |                Tech |                       23
           OA22x2_ASAP7_75t_SL |                Tech |                       14
         OAI211xp5_ASAP7_75t_L |                Tech |                        6
        OAI211xp5_ASAP7_75t_SL |                Tech |                       28
           OAI21x1_ASAP7_75t_L |                Tech |                        3
          OAI21x1_ASAP7_75t_SL |                Tech |                       88
         OAI21xp33_ASAP7_75t_L |                Tech |                       23
         OAI21xp33_ASAP7_75t_R |                Tech |                        6
        OAI21xp33_ASAP7_75t_SL |                Tech |                       10
          OAI21xp5_ASAP7_75t_L |                Tech |                        6
         OAI21xp5_ASAP7_75t_SL |                Tech |                      108
         OAI221xp5_ASAP7_75t_L |                Tech |                        3
        OAI221xp5_ASAP7_75t_SL |                Tech |                       21
           OAI22x1_ASAP7_75t_L |                Tech |                        1
          OAI22x1_ASAP7_75t_SL |                Tech |                       26
         OAI22xp33_ASAP7_75t_L |                Tech |                      167
         OAI22xp33_ASAP7_75t_R |                Tech |                       19
        OAI22xp33_ASAP7_75t_SL |                Tech |                       61
          OAI22xp5_ASAP7_75t_L |                Tech |                       76
          OAI22xp5_ASAP7_75t_R |                Tech |                       17
         OAI22xp5_ASAP7_75t_SL |                Tech |                      169
        OAI311xp33_ASAP7_75t_R |                Tech |                        1
         OAI31xp33_ASAP7_75t_L |                Tech |                        5
        OAI31xp33_ASAP7_75t_SL |                Tech |                        6
        OAI31xp67_ASAP7_75t_SL |                Tech |                        3
        OAI321xp33_ASAP7_75t_L |                Tech |                        1
       OAI321xp33_ASAP7_75t_SL |                Tech |                        2
        OAI322xp33_ASAP7_75t_L |                Tech |                        1
         OAI32xp33_ASAP7_75t_R |                Tech |                        1
       OAI332xp33_ASAP7_75t_SL |                Tech |                        1
         OAI33xp33_ASAP7_75t_R |                Tech |                        1
             OR2x2_ASAP7_75t_L |                Tech |                       26
             OR2x2_ASAP7_75t_R |                Tech |                       15
            OR2x2_ASAP7_75t_SL |                Tech |                       69
            OR2x4_ASAP7_75t_SL |                Tech |                        1
             OR2x6_ASAP7_75t_L |                Tech |                        3
            OR2x6_ASAP7_75t_SL |                Tech |                       48
             OR3x1_ASAP7_75t_L |                Tech |                        1
             OR3x1_ASAP7_75t_R |                Tech |                        2
            OR3x1_ASAP7_75t_SL |                Tech |                        6
            OR3x2_ASAP7_75t_SL |                Tech |                        4
             OR4x1_ASAP7_75t_L |                Tech |                        3
             OR4x1_ASAP7_75t_R |                Tech |                        1
            OR4x1_ASAP7_75t_SL |                Tech |                        7
            OR5x1_ASAP7_75t_SL |                Tech |                        3
            SDFHx1_ASAP7_75t_L |                Tech |                        6
            SDFHx1_ASAP7_75t_R |                Tech |                       16
           SDFHx1_ASAP7_75t_SL |                Tech |                        7
            SDFHx2_ASAP7_75t_L |                Tech |                        1
           SDFHx2_ASAP7_75t_SL |                Tech |                        2
            SDFHx4_ASAP7_75t_L |                Tech |                        3
            SDFHx4_ASAP7_75t_R |                Tech |                        2
           SDFHx4_ASAP7_75t_SL |                Tech |                       10
          XNOR2x1_ASAP7_75t_SL |                Tech |                       28
          XNOR2x2_ASAP7_75t_SL |                Tech |                        6
          XNOR2xp5_ASAP7_75t_L |                Tech |                       12
          XNOR2xp5_ASAP7_75t_R |                Tech |                       37
         XNOR2xp5_ASAP7_75t_SL |                Tech |                       47
           XOR2x1_ASAP7_75t_SL |                Tech |                       10
           XOR2x2_ASAP7_75t_SL |                Tech |                       11
           XOR2xp5_ASAP7_75t_L |                Tech |                       23
           XOR2xp5_ASAP7_75t_R |                Tech |                       22
          XOR2xp5_ASAP7_75t_SL |                Tech |                       33
