Voltage source current:
      Range  Source       Source        Location    Layer
      Index  Current      Name          (um)
      -----  --------     -------------------------------
         8    8.1017e-03A   VSSvsrc4   41.72, 41.72  M9
         5    1.4282e-02A   VSSvsrc2   17.72, 41.72  M9
         6    1.3038e-02A   VSSvsrc3   41.72, 17.72  M9
         1    2.3361e-02A   VSSvsrc1   17.72, 17.72  M9
*
* Data filtering results for voltage source current:
  Minimum, Average, Maximum Voltage Source Current: 8.102mA, 14.696mA, 23.361mA
  Total Current: 58.783mA
    Range 1(  21.454mA  -    23.363mA ):         1 ( 25.00%)
    Range 2(  19.546mA  -    21.454mA ):         0 (  0.00%)
    Range 3(  17.639mA  -    19.546mA ):         0 (  0.00%)
    Range 4(  15.731mA  -    17.639mA ):         0 (  0.00%)
    Range 5(  13.824mA  -    15.731mA ):         1 ( 25.00%)
    Range 6(  11.917mA  -    13.824mA ):         1 ( 25.00%)
    Range 7(  10.009mA  -    11.917mA ):         0 (  0.00%)
    Range 8(   8.101mA  -    10.009mA ):         1 ( 25.00%)
