Voltage source current:
      Range  Source       Source        Location    Layer
      Index  Current      Name          (um)
      -----  --------     -------------------------------
         1   -2.0410e-02A   VDDvsrc4   29.72, 29.72  M9
         5   -1.4312e-02A   VDDvsrc2   5.72, 29.72  M9
         5   -1.4189e-02A   VDDvsrc3   29.72, 5.72  M9
         8   -9.8722e-03A   VDDvsrc1   5.72, 5.72  M9
*
* Data filtering results for voltage source current:
  Minimum, Average, Maximum Voltage Source Current: -20.410mA, -14.696mA, -9.872mA
  Total Current: -58.783mA
    Range 1( -20.412mA  -   -19.093mA ):         1 ( 25.00%)
    Range 2( -19.093mA  -   -17.775mA ):         0 (  0.00%)
    Range 3( -17.775mA  -   -16.458mA ):         0 (  0.00%)
    Range 4( -16.458mA  -   -15.141mA ):         0 (  0.00%)
    Range 5( -15.141mA  -   -13.824mA ):         2 ( 50.00%)
    Range 6( -13.824mA  -   -12.507mA ):         0 (  0.00%)
    Range 7( -12.507mA  -   -11.189mA ):         0 (  0.00%)
    Range 8( -11.189mA  -    -9.871mA ):         1 ( 25.00%)
